C:\Users\Owner\Documents\Alexander-Open-Questions-2026-09-29\field-priorities\nanuq\formal-full\CircularThetaCuts.lean:44:44: warning: This simp argument is unused:
  armCutComplement

Hint: Omit it from the simp argument list.
  [apply] simp +decide [armCutStart, armCutEnd, switchedArm, attachmentDepth, leafPosition, Counts.armLength,
    Counts.total] at hr ⊢

Note: This linter can be disabled with `set_option linter.unusedSimpArgs false`
C:\Users\Owner\Documents\Alexander-Open-Questions-2026-09-29\field-priorities\nanuq\formal-full\CircularThetaCuts.lean:44:62: warning: This simp argument is unused:
  switchedArm

Hint: Omit it from the simp argument list.
  [apply] simp +decide [armCutStart, armCutEnd, armCutComplement, attachmentDepth, leafPosition, Counts.armLength,
    Counts.total] at hr ⊢

Note: This linter can be disabled with `set_option linter.unusedSimpArgs false`
C:\Users\Owner\Documents\Alexander-Open-Questions-2026-09-29\field-priorities\nanuq\formal-full\CircularThetaCuts.lean:48:44: warning: This simp argument is unused:
  armCutComplement

Hint: Omit it from the simp argument list.
  [apply] simp +decide [armCutStart, armCutEnd, switchedArm, attachmentDepth, leafPosition, Counts.armLength,
    Counts.total] at hr ⊢

Note: This linter can be disabled with `set_option linter.unusedSimpArgs false`
C:\Users\Owner\Documents\Alexander-Open-Questions-2026-09-29\field-priorities\nanuq\formal-full\CircularThetaCuts.lean:48:62: warning: This simp argument is unused:
  switchedArm

Hint: Omit it from the simp argument list.
  [apply] simp +decide [armCutStart, armCutEnd, armCutComplement, attachmentDepth, leafPosition, Counts.armLength,
    Counts.total] at hr ⊢

Note: This linter can be disabled with `set_option linter.unusedSimpArgs false`
C:\Users\Owner\Documents\Alexander-Open-Questions-2026-09-29\field-priorities\nanuq\formal-full\CircularThetaCuts.lean:53:44: warning: This simp argument is unused:
  armCutComplement

Hint: Omit it from the simp argument list.
  [apply] simp +decide [armCutStart, armCutEnd, switchedArm, attachmentDepth, leafPosition, Counts.armLength,
    Counts.total] at hr hj ⊢

Note: This linter can be disabled with `set_option linter.unusedSimpArgs false`
C:\Users\Owner\Documents\Alexander-Open-Questions-2026-09-29\field-priorities\nanuq\formal-full\CircularThetaCuts.lean:81:75: warning: this tactic is never executed

Note: This linter can be disabled with `set_option linter.unreachableTactic false`
C:\Users\Owner\Documents\Alexander-Open-Questions-2026-09-29\field-priorities\nanuq\formal-full\CircularThetaCuts.lean:73:35: warning: Used `tac1 <;> tac2` where `(tac1; tac2)` would suffice

Note: This linter can be disabled with `set_option linter.unnecessarySeqFocus false`
C:\Users\Owner\Documents\Alexander-Open-Questions-2026-09-29\field-priorities\nanuq\formal-full\CircularThetaCuts.lean:82:71: warning: Used `tac1 <;> tac2` where `(tac1; tac2)` would suffice

Note: This linter can be disabled with `set_option linter.unnecessarySeqFocus false`
C:\Users\Owner\Documents\Alexander-Open-Questions-2026-09-29\field-priorities\nanuq\formal-full\CircularThetaCuts.lean:81:75: warning: Unused tactic linter: `omega` does nothing

Note: This linter can be disabled with `set_option linter.unusedTactic false`
C:\Users\Owner\Documents\Alexander-Open-Questions-2026-09-29\field-priorities\nanuq\formal-full\CircularThetaCuts.lean:139:19: warning: try 'simp' instead of 'simpa'

Note: This linter can be disabled with `set_option linter.unnecessarySimpa false`
'Nanuq.Theta.arm_cut_interval' depends on axioms: [propext, Classical.choice, Quot.sound]
'Nanuq.Theta.terminalPath_cut_interval' depends on axioms: [propext, Classical.choice, Quot.sound]
