C:\Users\Owner\Documents\Alexander-Open-Questions-2026-09-29\field-priorities\nanuq\formal-full\GraphQuartetPortCounts.lean:30:7: error(lean.synthInstanceFailed): failed to synthesize instance of type class
  Fintype { b // N.NonleafBlob b }

Hint: Type class instance resolution failures can be inspected with the `set_option trace.Meta.synthInstance true` command.
C:\Users\Owner\Documents\Alexander-Open-Questions-2026-09-29\field-priorities\nanuq\formal-full\GraphQuartetPortCounts.lean:30:50: error(lean.synthInstanceFailed): failed to synthesize instance of type class
  DecidableEq (N.BlobPort ↑b)

Hint: Type class instance resolution failures can be inspected with the `set_option trace.Meta.synthInstance true` command.
C:\Users\Owner\Documents\Alexander-Open-Questions-2026-09-29\field-priorities\nanuq\formal-full\GraphQuartetPortCounts.lean:39:8: error(lean.synthInstanceFailed): failed to synthesize instance of type class
  DecidableEq (N.BlobPort ↑b)

Hint: Type class instance resolution failures can be inspected with the `set_option trace.Meta.synthInstance true` command.
C:\Users\Owner\Documents\Alexander-Open-Questions-2026-09-29\field-priorities\nanuq\formal-full\GraphQuartetPortCounts.lean:38:6: error(lean.synthInstanceFailed): failed to synthesize instance of type class
  Fintype { b // N.NonleafBlob b }

Hint: Type class instance resolution failures can be inspected with the `set_option trace.Meta.synthInstance true` command.
C:\Users\Owner\Documents\Alexander-Open-Questions-2026-09-29\field-priorities\nanuq\formal-full\GraphQuartetPortCounts.lean:41:8: error(lean.synthInstanceFailed): failed to synthesize instance of type class
  DecidableEq (N.BlobPort ↑b)

Hint: Type class instance resolution failures can be inspected with the `set_option trace.Meta.synthInstance true` command.
C:\Users\Owner\Documents\Alexander-Open-Questions-2026-09-29\field-priorities\nanuq\formal-full\GraphQuartetPortCounts.lean:40:7: error(lean.synthInstanceFailed): failed to synthesize instance of type class
  Fintype { b // N.NonleafBlob b }

Hint: Type class instance resolution failures can be inspected with the `set_option trace.Meta.synthInstance true` command.
C:\Users\Owner\Documents\Alexander-Open-Questions-2026-09-29\field-priorities\nanuq\formal-full\GraphQuartetPortCounts.lean:43:8: error(lean.synthInstanceFailed): failed to synthesize instance of type class
  DecidableEq (N.BlobPort ↑b)

Hint: Type class instance resolution failures can be inspected with the `set_option trace.Meta.synthInstance true` command.
C:\Users\Owner\Documents\Alexander-Open-Questions-2026-09-29\field-priorities\nanuq\formal-full\GraphQuartetPortCounts.lean:42:6: error(lean.synthInstanceFailed): failed to synthesize instance of type class
  Fintype { b // N.NonleafBlob b }

Hint: Type class instance resolution failures can be inspected with the `set_option trace.Meta.synthInstance true` command.
C:\Users\Owner\Documents\Alexander-Open-Questions-2026-09-29\field-priorities\nanuq\formal-full\GraphQuartetPortCounts.lean:45:8: error(lean.synthInstanceFailed): failed to synthesize instance of type class
  DecidableEq (N.BlobPort ↑b)

Hint: Type class instance resolution failures can be inspected with the `set_option trace.Meta.synthInstance true` command.
C:\Users\Owner\Documents\Alexander-Open-Questions-2026-09-29\field-priorities\nanuq\formal-full\GraphQuartetPortCounts.lean:44:7: error(lean.synthInstanceFailed): failed to synthesize instance of type class
  Fintype { b // N.NonleafBlob b }

Hint: Type class instance resolution failures can be inspected with the `set_option trace.Meta.synthInstance true` command.
C:\Users\Owner\Documents\Alexander-Open-Questions-2026-09-29\field-priorities\nanuq\formal-full\GraphQuartetPortCounts.lean:47:2: error: (deterministic) timeout at `whnf`, maximum number of heartbeats (200000) has been reached

Note: Use `set_option maxHeartbeats <num>` to set the limit.

Hint: Additional diagnostic information may be available using the `set_option diagnostics true` command.
C:\Users\Owner\Documents\Alexander-Open-Questions-2026-09-29\field-priorities\nanuq\formal-full\GraphQuartetPortCounts.lean:37:8: error: (deterministic) timeout at `whnf`, maximum number of heartbeats (200000) has been reached

Note: Use `set_option maxHeartbeats <num>` to set the limit.

Hint: Additional diagnostic information may be available using the `set_option diagnostics true` command.
'Nanuq.Source.RootedBinary.unique_omitted_triple_port' depends on axioms: [propext, Classical.choice, Quot.sound]
'Nanuq.Source.RootedBinary.sum_quartet_tripleCount' depends on axioms: [propext, sorryAx, Classical.choice, Quot.sound]
C:\Users\Owner\Documents\Alexander-Open-Questions-2026-09-29\field-priorities\nanuq\formal-full\GraphQuartetPortCounts.lean:51:14: error(lean.unknownIdentifier): Unknown constant `quartet_branching_port_counts`
