'PedigreeBlock.complement_ne' depends on axioms: [propext]
'PedigreeBlock.not_share_iff_complement' depends on axioms: [propext, Quot.sound]
'PedigreeBlock.not_connected_iff_bad' depends on axioms: [propext, Classical.choice, Quot.sound]
'PedigreeBlock.reachable_of_restrict' does not depend on any axioms
'PedigreeBlock.connected_of_restrict' does not depend on any axioms
'PedigreeBlock.badEquiv' depends on axioms: [propext, Classical.choice, Quot.sound]
'PedigreeBlock.bad_card' depends on axioms: [propext, Classical.choice, Quot.sound]
'PedigreeBlock.configLaw_probability' depends on axioms: [propext, Classical.choice, Quot.sound]
'PedigreeBlock.configPMF_mass' depends on axioms: [propext, Classical.choice, Quot.sound]
'PedigreeBlock.bad_probability' depends on axioms: [propext, Classical.choice, Quot.sound]
'PedigreeBlock.uniform_pi_event' depends on axioms: [propext, Classical.choice, Quot.sound]
'PedigreeBlock.config_bit_cylinder' depends on axioms: [propext, Classical.choice, Quot.sound]
'PedigreeBlock.fair_bit_singleton' depends on axioms: [propext, Classical.choice, Quot.sound]
'PedigreeBlock.good_probability' depends on axioms: [propext, Classical.choice, Quot.sound]
'PedigreeBlock.familyLaw_probability' depends on axioms: [propext, Classical.choice, Quot.sound]
'PedigreeBlock.family_event_product' depends on axioms: [propext, Classical.choice, Quot.sound]
'PedigreeBlock.families_good_probability' depends on axioms: [propext, Classical.choice, Quot.sound]
'PedigreeBlock.observedShare_iff' does not depend on any axioms
'PedigreeBlock.observed_path_preserves_family' does not depend on any axioms
'PedigreeBlock.family_path_iff' depends on axioms: [propext]
'PedigreeBlock.recovered_iff_connected' depends on axioms: [propext]
'PedigreeBlock.connected_probability' depends on axioms: [propext, Classical.choice, Quot.sound]
'PedigreeBlock.recovered_probability' depends on axioms: [propext, Classical.choice, Quot.sound]
'PedigreeBlock.observationLaw_probability' depends on axioms: [propext, Classical.choice, Quot.sound]
'PedigreeBlock.output_recovery_probability' depends on axioms: [propext, Classical.choice, Quot.sound]
'PedigreeBlock.repeatBlock_share_iff' depends on axioms: [propext]
'PedigreeBlock.repeatBlock_connected_iff' depends on axioms: [propext, Quot.sound]
'PedigreeBlock.repeatedLaw_probability' depends on axioms: [propext, Classical.choice, Quot.sound]
'PedigreeBlock.repeatedLaw_block_marginal' depends on axioms: [propext, Classical.choice, Quot.sound]
'PedigreeBlock.repeatedLaw_connected_eq_one_block' depends on axioms: [propext, Classical.choice, Quot.sound]
'PedigreeBlock.repeatedLaw_connected_probability' depends on axioms: [propext, Classical.choice, Quot.sound]
