'PairingObservation.query_coownership' depends on axioms: [propext, Quot.sound]
'PairingObservation.local_query' depends on axioms: [propext]
'PairingObservation.query_formula' depends on axioms: [propext, Quot.sound]
'PairingObservation.query_mixing' depends on axioms: [propext, Quot.sound]
'PairingObservation.query_splitting' depends on axioms: [propext, Quot.sound]
'PairingObservation.observe_eq_iff' depends on axioms: [propext, Classical.choice, Quot.sound]
'PairingObservation.split_observation_eq_iff' depends on axioms: [propext, Classical.choice, Quot.sound]
'PairingObservation.identifies_iap_iff' depends on axioms: [propext, Classical.choice, Quot.sound]
'PairingObservation.no_bounded_sampling_decoder' depends on axioms: [propext, Classical.choice, Quot.sound]
'PairingObservation.observed_positive_not_iap' depends on axioms: [propext, Classical.choice, Quot.sound]
'PairingObservation.even_owner_agreement' depends on axioms: [propext]
'PairingObservation.even_owners_equal' depends on axioms: [propext, Quot.sound]
'PairingObservation.no_even_ownership_decoder' depends on axioms: [propext, Classical.choice, Quot.sound]
'PairingObservation.bounded_identifies_iap_iff' depends on axioms: [propext, Classical.choice, Quot.sound]
'PairingObservation.bounded_iap_iff_one_query' depends on axioms: [propext, Classical.choice, Quot.sound]
'PairingCore.constrained_counterexample' depends on axioms: [propext, Classical.choice, Quot.sound]
'PairingCore.mixing_iap' depends on axioms: [propext, Classical.choice, Quot.sound]
'PairingCore.splitting_not_iap' depends on axioms: [propext, Classical.choice, Quot.sound]
'PairingCore.edge_exact_image' depends on axioms: [propext, Quot.sound]
'PairingCore.owner_exactly_two' depends on axioms: [propext, Quot.sound]
