'WongMarkedRecorder.initial_valid' depends on axioms: [propext, Classical.choice, Quot.sound]
'WongMarkedRecorder.advance_valid' depends on axioms: [propext, Classical.choice, Quot.sound]
'WongMarkedRecorder.split_preserves_valid' depends on axioms: [propext, Classical.choice, Quot.sound]
'WongMarkedRecorder.merge_preserves_valid' depends on axioms: [propext, Classical.choice, Quot.sound]
'WongMarkedRecorder.split_frontier_count' depends on axioms: [propext, Classical.choice, Quot.sound]
'WongMarkedRecorder.merge_frontier_count' depends on axioms: [propext, Classical.choice, Quot.sound]
'WongMarkedRecorder.completed_frontier_exact_slot' depends on axioms: [propext, Classical.choice, Quot.sound]
'WongMarkedRecorder.finite_prefix_valid' depends on axioms: [propext, Classical.choice, Quot.sound]
'WongMarkedRecorder.trace_event_vertices' depends on axioms: [propext, Classical.choice, Quot.sound]
'WongMarkedRecorder.recorded_prefix_toGARG' depends on axioms: [propext, Classical.choice, Quot.sound]
'WongMarkedRecorder.projected_topology_iff' depends on axioms: [propext, Classical.choice, Quot.sound]
'WongMarkedRecorder.projected_atLocus_iff' depends on axioms: [propext, Classical.choice, Quot.sound]
'WongMarkedRecorder.projected_unique_parent_at' depends on axioms: [propext, Classical.choice, Quot.sound]
'WongMarkedRecorder.projected_nonempty_annotations' depends on axioms: [propext, Classical.choice, Quot.sound]
'WongMarkedRecorder.completedRecord_injective' depends on axioms: [propext, Classical.choice, Quot.sound]
'WongMarkedRecorder.dated_prefix_chronology_bounded' depends on axioms: [propext, Classical.choice, Quot.sound]
'WongMarkedRecorder.raw_records_injective' depends on axioms: [propext, Classical.choice, Quot.sound]
'WongMarkedRecorder.rawEncodingEquiv' depends on axioms: [propext, Classical.choice, Quot.sound]
'WongMarkedRecorder.reunion_valid' depends on axioms: [propext, Classical.choice, Quot.sound]
'WongMarkedRecorder.reunion_counts' depends on axioms: [propext, Classical.choice, Quot.sound]
'WongMarkedRecorder.reunion_shared_endpoints' depends on axioms: [propext, Classical.choice, Quot.sound]
'WongMarkedRecorder.reunion_encoded_records' depends on axioms: [propext, Classical.choice, Quot.sound]
'WongMarkedRecorder.reunion_raw_decode' depends on axioms: [propext, Classical.choice, Quot.sound]
'WongMarkedRecorder.reunion_cut_retained' depends on axioms: [propext, Classical.choice, Quot.sound]
'WongMarkedRecorder.reunion_local_cut_forgotten' depends on axioms: [propext, Classical.choice, Quot.sound]
'WongMarkedRecorder.split_outside_inherited_interval' depends on axioms: [propext, Classical.choice, Quot.sound]
'WongMarkedRecorder.merge_terminal_root' depends on axioms: [propext, Classical.choice, Quot.sound]
'WongMarkedRecorder.selected_record_completed' depends on axioms: [propext, Classical.choice, Quot.sound]
